Running
Running
communication_type: hpush://
communication_type: hpush://
arg_type:
arg_type: