Error: cannot use override flags [--name] with a multi-ETL file; remove these flags or split into separate files
2