"ais://$BUCKET_1" created
"ais://$BUCKET_1" destroyed
"ais://$BUCKET_1" created
"ais://$BUCKET_2" created
"ais://$BUCKET_1" destroyed
"ais://$BUCKET_2" destroyed
"ais://$BUCKET_1" created
"ais://$BUCKET_2" created
Found 2 AIS bucket(s) to remove:
  - ais://$BUCKET_1
  - ais://$BUCKET_2
Type 'DELETE' to confirm (or 'N' to cancel): "ais://$BUCKET_1" destroyed
"ais://$BUCKET_2" destroyed
No AIS buckets to remove
"ais://$BUCKET_1" created
"ais://$BUCKET_2" created
Found 2 AIS bucket(s) to remove:
  - ais://$BUCKET_1
  - ais://$BUCKET_2
Type 'DELETE' to confirm (or 'N' to cancel): Type 'DELETE' to confirm (or 'N' to cancel): Operation canceled.