^Cluster:$
^.*Proxies:.*$
^.*Targets:.*$
^.*Capacity:.*$
^.*ClusterMap:.*$
^.*Software:.*$
^.*Backend:.*$
^.*Deployment:.*$
^.*Status:.*$
^.*Rebalance:.*$
^.*Authentication:.*$
^.*Version:.*$
^.*Build:.*$
^Performance and Health:$
^.*State:.*$
^.*I/O Errors:.*$
^.*Load Avg:.*$
^.*Disk Usage:.*$
^.*Network:.*$
^.*Storage:.*$
^.*Filesystems:.*$
^Cluster:$
^.*Proxies:.*$
^.*Targets:.*$
^.*Endpoint:.*$
^.*Capacity:.*$
^.*Cluster Map:.*$
^.*Software:.*$
^.*Backend:.*$
^.*Deployment:.*$
^.*Status:.*$
^.*Rebalance:.*$
^.*Authentication:.*$
^.*Version:.*$
^.*Build:.*$
